== Sath spike 2026-09-17T10:06:43 stack=52 blender=C:\Users\uge226\Tools\blender-5.2\blender.exe FC=C:\Users\uge226\Tools\fc-py313

#### fc_bridge.py (headless)
[OK] S2 import FreeCAD: 1.1.3 0.22s GuiUp=0
[OK] S2 numpy: 2.3.4 C:\Users\uge226\Tools\blender-5.2\5.2\python\Lib\site-packages\numpy\__init__.py
[OK] S3a makeBox->mesh: 12 uchburchak, dims=(1.0, 2.0, 3.0)
    GES_Dam               12 tri  make    333 ms  mesh      2 ms  Wall  props=8
    GES_Penstock        1240 tri  make      6 ms  mesh     11 ms  Pipe Segment  props=4
    GES_Turbine        59656 tri  make     12 ms  mesh   2008 ms  Flow Moving Device  props=5
    GES_Spillway          12 tri  make      1 ms  mesh      2 ms  Slab  props=4
    GES_Powerhouse        16 tri  make      5 ms  mesh      4 ms  Building Element Proxy  props=6
    GES_Transformer     1684 tri  make    117 ms  mesh     22 ms  Transformer  props=4
    GES_Intake            44 tri  make     12 ms  mesh      2 ms  Building Element Proxy  props=5
[OK] S3b GES obyektlari: 7 obyekt
[OK] S3c import Import: 0.01s
[OK] S3c import Mesh: 0.01s
[OK] S3c import MeshPart: 0.05s
[OK] S3c import Sketcher: 0.00s
[OK] S3c import Draft: 1.16s
[OK] S3c import importDXF: 0.01s
[OK] S3c import Spreadsheet: 0.01s
[OK] S3c import TechDraw: 0.01s
[OK] S6 stress 10x7: 20.8s, RSS 757 -> 806 MB

#### test_dxf.py (headless)
[OK] S4a dwg2dxf: 16 KB, 0.0s
[OK] S4b Import.readDXF->Blender: 6 obyekt, 4 edge, 0 face; readDXF 1.63s, ->Blender 0.00s
[OK] S4c PySide6 Blender ichida: 6.11.2 0.00s
[OK] S4c import Draft/importDXF: 0.02s
[OK] S4d importDXF.insert (Draft, python): 6 obyekt, 0.04s

#### test_bonsai.py (headless)
[OK] S5a Bonsai enable: 0.2s ifcopenshell 0.8.5 @ C:\Users\uge226\AppData\Roaming\Blender Foundation\Blender\5.2\extensions\.local\lib\python3.13\site-packages\ifcopenshell\__init__.py
[OK] S5b FreeCAD Bonsai dan keyin: FreeCAD 1.1.3; ifcopenshell o'zgarmadi=True
[OK] S5c Bonsai load_project: 20 IfcProduct, 16 mesh obyekt, 0.3s, schema IFC4
    Pset_GES_Dam: IfcWall "To'g'on" -> {'Turi': 'Gravitatsion', 'Balandlik_m': 20.0, 'Uzunlik_m': 60.0, 'id': 42}
    Pset_GES_Turbine: IfcFlowMovingDevice 'Turbina 1' -> {'Turi': 'Francis', 'Quvvat_MW': 25.0, 'Napor_m': 45.0, 'Sarf_m3s': 62.0}
    Pset_GES_Penstock: IfcPipeSegment 'Bosimli quvur 1' -> {'Diametr_m': 2.4, 'Uzunlik_m': 18.0, 'Material': "Po'lat", 'id': 206}
[OK] S5d Pset_GES_*: {'Pset_GES_Dam': 1, 'Pset_GES_Turbine': 3, 'Pset_GES_Penstock': 3}
[OK] S5e FreeCAD shape Bonsai sahnasida: 12 tri, jami obyekt 22
[OK] S5f FreeCAD nativeifc + Bonsai ifcopenshell: True, 20 product

#### gui_run.py (GUI, avto yopiladi)
[OK] S2 import FreeCAD: 1.1.3 0.20s GuiUp=0
[OK] S2 numpy: 2.3.4 C:\Users\uge226\Tools\blender-5.2\5.2\python\Lib\site-packages\numpy\__init__.py
[OK] S3a makeBox->mesh: 12 uchburchak, dims=(1.0, 2.0, 3.0)
[OK] S3b GES obyektlari: 7 obyekt
[OK] S3c import Import: 0.01s
[OK] S3c import Mesh: 0.01s
[OK] S3c import MeshPart: 0.05s
[OK] S3c import Sketcher: 0.01s
[OK] S3c import Draft: 1.32s
[OK] S3c import importDXF: 0.01s
[OK] S3c import Spreadsheet: 0.01s
[OK] S3c import TechDraw: 0.01s
[OK] S6 stress 10x7: 22.7s, RSS 878 -> 934 MB
SAQLANDI: C:\Users\uge226\AppData\Local\Temp\ges_spike_gui.blend obyektlar: 11
